{
 "header info": {
  "extracted by": "Framer",
  "extractor version": "1.0",
  "extracted on": "2019-04-25 17:51",
  "data file": "../1ok-2wrongcheck-3badstatus-4badcheck.raw",
  "operations": "framer",
  "strings": {
   "modem/183": [
    "status"
   ],
   "suna/256": [],
   "extra/3": [
    "a",
    "b"
   ]
  }
 },
 "modem/183": {
  "2019-04-05 12:02:01.97": {
   "latpos": "4345.1111",
   "lonpos": "06959.1111",
   "extra": "extra"
  },
  "2019-04-05 12:02:04.104": {
   "latpos": "4345.3333",
   "lonpos": "06959.3333"
  }
 },
 "suna/256": {
  "2019-04-05 13:02:01.97": {
   "nitrate": "7",
   "extra": "extra"
  },
  "2019-04-05 13:02:04.104": {
   "nitrate": "8"
  }
 },
 "extra/3": {
  "2019-04-05 15:00:00": {
   "extra": "extra"
  }
 }
}